// Jest Snapshot v1, https://goo.gl/fbAQLP

exports[`Like component renders correctly 1`] = `ShallowWrapper {}`;
